// Jest Snapshot v1, https://goo.gl/fbAQLP

exports[`<DeleteModal /> should display the DeleteModal 1`] = `<DocumentFragment />`;
